// Jest Snapshot v1, https://goo.gl/fbAQLP

exports[`test components ForTest UI render 1`] = `
<div>
  <button
    class="ant-btn"
    type="button"
  >
    <span>
      获取数量
    </span>
  </button>
</div>
`;
